// Jest Snapshot v1, https://goo.gl/fbAQLP

exports[`Roll20 getOrCreateObj should throw if there is more than 1 result. 1`] = `"Asked for a single attribute but more than 1 was found matching attributes: {\\"name\\":\\"test1\\",\\"current\\":\\"3\\"}. Found attributes: [{\\"type\\":\\"attribute\\",\\"name\\":\\"test1\\"},{\\"type\\":\\"attribute\\",\\"name\\":\\"test1\\"}]"`;
